../Drivers/CMSIS/Include/core_cm4.h:2059:26:ITM_SendChar	16	static,ignoring_inline_asm
../Core/Src/main.c:87:6:LPTIM1_IRQHandler	8	static
../Core/Src/main.c:112:5:_write	32	static
../Core/Src/main.c:120:6:check_wakeup_source	24	static
../Core/Src/main.c:134:5:main	80	static,ignoring_inline_asm
../Core/Src/main.c:245:6:SystemClock_Config	96	static
../Core/Src/main.c:291:13:MX_SPI3_Init	8	static
../Core/Src/main.c:331:13:MX_GPIO_Init	48	static
../Core/Src/main.c:399:6:Error_Handler	4	static,ignoring_inline_asm
